---
source: crates/confyg-form/tests/snapshot.rs
expression: out
---
<root>: group Absent
  ecmaFeatures: group Absent
    ecmaFeatures.arrowFunctions: field Tristate
    ecmaFeatures.binaryLiterals: field Tristate
    ecmaFeatures.blockBindings: field Tristate
    ecmaFeatures.classes: field Tristate
    ecmaFeatures.defaultParams: field Tristate
    ecmaFeatures.destructuring: field Tristate
    ecmaFeatures.experimentalObjectRestSpread: field Tristate
    ecmaFeatures.forOf: field Tristate
    ecmaFeatures.generators: field Tristate
    ecmaFeatures.globalReturn: field Tristate
    ecmaFeatures.impliedStrict: field Tristate
    ecmaFeatures.jsx: field Tristate
    ecmaFeatures.modules: field Tristate
    ecmaFeatures.objectLiteralComputedProperties: field Tristate
    ecmaFeatures.objectLiteralDuplicateProperties: field Tristate
    ecmaFeatures.objectLiteralShorthandMethods: field Tristate
    ecmaFeatures.objectLiteralShorthandProperties: field Tristate
    ecmaFeatures.octalLiterals: field Tristate
    ecmaFeatures.regexUFlag: field Tristate
    ecmaFeatures.regexYFlag: field Tristate
    ecmaFeatures.restParams: field Tristate
    ecmaFeatures.spread: field Tristate
    ecmaFeatures.superInFunctions: field Tristate
    ecmaFeatures.templateStrings: field Tristate
    ecmaFeatures.unicodeCodePointEscapes: field Tristate
  env: group Absent
    env.amd: field Tristate
    env.applescript: field Tristate
    env.atomtest: field Tristate
    env.browser: field Tristate
    env.commonjs: field Tristate
    env.shared-node-browser: field Tristate
    env.embertest: field Tristate
    env.es6: field Tristate
    env.greasemonkey: field Tristate
    env.jasmine: field Tristate
    env.jest: field Tristate
    env.jquery: field Tristate
    env.meteor: field Tristate
    env.mocha: field Tristate
    env.mongo: field Tristate
    env.nashorn: field Tristate
    env.node: field Tristate
    env.phantomjs: field Tristate
    env.prototypejs: field Tristate
    env.protractor: field Tristate
    env.qunit: field Tristate
    env.serviceworker: field Tristate
    env.shelljs: field Tristate
    env.webextensions: field Tristate
    env.worker: field Tristate
  extends: unknown
  globals: unknown
  noInlineConfig: field Tristate
  reportUnusedDisableDirectives: field Tristate
  parser: field Text
  parserOptions: group Absent
    parserOptions.ecmaFeatures: group Absent
      parserOptions.ecmaFeatures.arrowFunctions: field Tristate
      parserOptions.ecmaFeatures.binaryLiterals: field Tristate
      parserOptions.ecmaFeatures.blockBindings: field Tristate
      parserOptions.ecmaFeatures.classes: field Tristate
      parserOptions.ecmaFeatures.defaultParams: field Tristate
      parserOptions.ecmaFeatures.destructuring: field Tristate
      parserOptions.ecmaFeatures.experimentalObjectRestSpread: field Tristate
      parserOptions.ecmaFeatures.forOf: field Tristate
      parserOptions.ecmaFeatures.generators: field Tristate
      parserOptions.ecmaFeatures.globalReturn: field Tristate
      parserOptions.ecmaFeatures.impliedStrict: field Tristate
      parserOptions.ecmaFeatures.jsx: field Tristate
      parserOptions.ecmaFeatures.modules: field Tristate
      parserOptions.ecmaFeatures.objectLiteralComputedProperties: field Tristate
      parserOptions.ecmaFeatures.objectLiteralDuplicateProperties: field Tristate
      parserOptions.ecmaFeatures.objectLiteralShorthandMethods: field Tristate
      parserOptions.ecmaFeatures.objectLiteralShorthandProperties: field Tristate
      parserOptions.ecmaFeatures.octalLiterals: field Tristate
      parserOptions.ecmaFeatures.regexUFlag: field Tristate
      parserOptions.ecmaFeatures.regexYFlag: field Tristate
      parserOptions.ecmaFeatures.restParams: field Tristate
      parserOptions.ecmaFeatures.spread: field Tristate
      parserOptions.ecmaFeatures.superInFunctions: field Tristate
      parserOptions.ecmaFeatures.templateStrings: field Tristate
      parserOptions.ecmaFeatures.unicodeCodePointEscapes: field Tristate
    parserOptions.ecmaVersion: field Menu (intended FilterableMenu)
    parserOptions.sourceType: field Radio
  plugins: repeat min=None max=None
  root: field Tristate
  ignorePatterns: unknown
  rules: group Absent
    rules.comma-dangle: unknown
    rules.for-direction: unknown
    rules.getter-return: unknown
    rules.no-await-in-loop: unknown
    rules.no-compare-neg-zero: unknown
    rules.no-cond-assign: unknown
    rules.no-console: unknown
    rules.no-constant-condition: unknown
    rules.no-control-regex: unknown
    rules.no-debugger: unknown
    rules.no-dupe-args: unknown
    rules.no-dupe-keys: unknown
    rules.no-duplicate-case: unknown
    rules.no-empty: unknown
    rules.no-empty-character-class: unknown
    rules.no-ex-assign: unknown
    rules.no-extra-boolean-cast: unknown
    rules.no-extra-parens: unknown
    rules.no-extra-semi: unknown
    rules.no-func-assign: unknown
    rules.no-inner-declarations: unknown
    rules.no-invalid-regexp: unknown
    rules.no-irregular-whitespace: unknown
    rules.no-negated-in-lhs: unknown
    rules.no-obj-calls: unknown
    rules.no-prototype-builtins: unknown
    rules.no-regex-spaces: unknown
    rules.no-sparse-arrays: unknown
    rules.no-template-curly-in-string: unknown
    rules.no-unexpected-multiline: unknown
    rules.no-unreachable: unknown
    rules.no-unsafe-finally: unknown
    rules.no-unsafe-negation: unknown
    rules.use-isnan: unknown
    rules.valid-jsdoc: unknown
    rules.valid-typeof: unknown
  settings: group Absent
  overrides: repeat min=None max=None
